// Jest Snapshot v1, https://goo.gl/fbAQLP

exports[`SendBitcoinScreen render matches snapshot 1`] = `
<View
  onLayout={[Function]}
  style={
    Array [
      Array [
        Object {
          "backgroundColor": "#E6EBEf",
          "flex": 1,
          "height": "100%",
        },
        Object {},
      ],
      Object {
        "paddingBottom": 0,
      },
    ]
  }
>
  <Modal
    animationType="none"
    deviceHeight={null}
    deviceWidth={null}
    hardwareAccelerated={false}
    hideModalContentWhileAnimating={false}
    onBackdropPress={[Function]}
    onModalHide={[Function]}
    onModalWillHide={[Function]}
    onModalWillShow={[Function]}
    onRequestClose={[Function]}
    onSwipeComplete={[Function]}
    panResponderThreshold={4}
    scrollHorizontal={false}
    scrollOffset={0}
    scrollOffsetMax={0}
    scrollTo={null}
    supportedOrientations={
      Array [
        "portrait",
        "landscape",
      ]
    }
    swipeDirection={
      Array [
        "down",
      ]
    }
    swipeThreshold={50}
    transparent={true}
    visible={false}
  >
    <View
      accessible={true}
      focusable={true}
      forwardedRef={[Function]}
      onClick={[Function]}
      onResponderGrant={[Function]}
      onResponderMove={[Function]}
      onResponderRelease={[Function]}
      onResponderTerminate={[Function]}
      onResponderTerminationRequest={[Function]}
      onStartShouldSetResponder={[Function]}
      style={
        Object {
          "backgroundColor": "black",
          "bottom": 0,
          "height": 1334,
          "left": 0,
          "opacity": 0,
          "position": "absolute",
          "right": 0,
          "top": 0,
          "width": 750,
        }
      }
    />
    <View
      deviceHeight={null}
      deviceWidth={null}
      forwardedRef={[Function]}
      hideModalContentWhileAnimating={false}
      onBackdropPress={[Function]}
      onModalHide={[Function]}
      onModalWillHide={[Function]}
      onModalWillShow={[Function]}
      onMoveShouldSetResponder={[Function]}
      onMoveShouldSetResponderCapture={[Function]}
      onResponderEnd={[Function]}
      onResponderGrant={[Function]}
      onResponderMove={[Function]}
      onResponderReject={[Function]}
      onResponderRelease={[Function]}
      onResponderStart={[Function]}
      onResponderTerminate={[Function]}
      onResponderTerminationRequest={[Function]}
      onStartShouldSetResponder={[Function]}
      onStartShouldSetResponderCapture={[Function]}
      onSwipeComplete={[Function]}
      panResponderThreshold={4}
      pointerEvents="box-none"
      scrollHorizontal={false}
      scrollOffset={0}
      scrollOffsetMax={0}
      scrollTo={null}
      style={
        Object {
          "flex": 1,
          "flexGrow": 1,
          "justifyContent": "center",
          "left": 0,
          "margin": 37.5,
          "marginBottom": 0,
          "marginHorizontal": 0,
          "top": 0,
          "transform": Array [
            Object {
              "translateY": 0,
            },
          ],
        }
      }
      supportedOrientations={
        Array [
          "portrait",
          "landscape",
        ]
      }
      swipeDirection={
        Array [
          "down",
        ]
      }
      swipeThreshold={50}
    >
      <View
        style={
          Object {
            "alignItems": "center",
            "flex": 1,
            "justifyContent": "space-around",
          }
        }
      >
        <View
          accessible={true}
          focusable={true}
          onClick={[Function]}
          onResponderGrant={[Function]}
          onResponderMove={[Function]}
          onResponderRelease={[Function]}
          onResponderTerminate={[Function]}
          onResponderTerminationRequest={[Function]}
          onStartShouldSetResponder={[Function]}
          style={
            Object {
              "height": "100%",
              "width": "100%",
            }
          }
        />
      </View>
      <RNCSafeAreaView
        style={
          Object {
            "alignItems": "center",
            "backgroundColor": "#ffffff",
            "paddingHorizontal": 20,
            "paddingTop": 10,
          }
        }
      >
        <View
          style={
            Object {
              "height": 14,
            }
          }
        >
          <Text
            allowFontScaling={false}
            style={
              Array [
                Object {
                  "color": "#CFD9E2",
                  "fontSize": 72,
                },
                Object {
                  "height": 40,
                  "top": -40,
                },
                Object {
                  "fontFamily": "Ionicons",
                  "fontStyle": "normal",
                  "fontWeight": "normal",
                },
                Object {},
              ]
            }
          >
            
          </Text>
        </View>
        <Text
          style={
            Object {
              "fontSize": 18,
              "marginVertical": 8,
            }
          }
        >
          
        </Text>
        <View
          style={
            Object {
              "alignContent": "stretch",
              "alignItems": "center",
              "flexDirection": "row",
            }
          }
        >
          <View
            style={
              Array [
                Object {
                  "borderRadius": 3,
                  "overflow": "hidden",
                },
                Object {
                  "borderRadius": 3,
                },
                undefined,
                false,
              ]
            }
          >
            <View
              accessibilityRole="button"
              accessibilityState={
                Object {
                  "busy": false,
                  "disabled": false,
                }
              }
              accessible={true}
              focusable={true}
              onClick={[Function]}
              onResponderGrant={[Function]}
              onResponderMove={[Function]}
              onResponderRelease={[Function]}
              onResponderTerminate={[Function]}
              onResponderTerminationRequest={[Function]}
              onStartShouldSetResponder={[Function]}
              style={
                Object {
                  "opacity": 1,
                }
              }
            >
              <View
                style={
                  Object {
                    "alignItems": "center",
                    "backgroundColor": "#3050C4",
                    "borderColor": "#2089dc",
                    "borderRadius": 3,
                    "borderWidth": 0,
                    "flexDirection": "row",
                    "justifyContent": "center",
                    "marginHorizontal": 20,
                    "marginVertical": 10,
                    "padding": 8,
                    "width": 145,
                  }
                }
              >
                <Text
                  style={
                    Object {
                      "color": "white",
                      "fontSize": 18,
                      "paddingVertical": 1,
                      "textAlign": "center",
                    }
                  }
                >
                  Dismiss
                </Text>
              </View>
            </View>
          </View>
          <View
            style={
              Array [
                Object {
                  "borderRadius": 3,
                  "overflow": "hidden",
                },
                Object {
                  "borderRadius": 3,
                },
                undefined,
                false,
              ]
            }
          >
            <View
              accessibilityRole="button"
              accessibilityState={
                Object {
                  "busy": false,
                  "disabled": false,
                }
              }
              accessible={true}
              focusable={true}
              onClick={[Function]}
              onResponderGrant={[Function]}
              onResponderMove={[Function]}
              onResponderRelease={[Function]}
              onResponderTerminate={[Function]}
              onResponderTerminationRequest={[Function]}
              onStartShouldSetResponder={[Function]}
              style={
                Object {
                  "opacity": 1,
                }
              }
            >
              <View
                style={
                  Object {
                    "alignItems": "center",
                    "backgroundColor": "#3050C4",
                    "borderColor": "#2089dc",
                    "borderRadius": 3,
                    "borderWidth": 0,
                    "flexDirection": "row",
                    "justifyContent": "center",
                    "marginHorizontal": 20,
                    "marginVertical": 10,
                    "padding": 8,
                    "width": 145,
                  }
                }
              >
                <Text
                  style={
                    Object {
                      "color": "white",
                      "fontSize": 18,
                      "paddingVertical": 1,
                      "textAlign": "center",
                    }
                  }
                >
                  Open
                </Text>
              </View>
            </View>
          </View>
        </View>
      </RNCSafeAreaView>
    </View>
  </Modal>
  <RCTSafeAreaView
    emulateUnlessSupported={true}
    style={
      Array [
        Object {
          "alignItems": "stretch",
          "height": "100%",
          "justifyContent": "flex-start",
          "width": "100%",
        },
        Object {},
      ]
    }
  >
    <RCTScrollView
      contentContainerStyle={
        Object {
          "justifyContent": "space-between",
        }
      }
    >
      <View>
        <View>
          <View>
            <View>
              <Text
                ellipsizeMode="middle"
                numberOfLines={1}
                style={
                  Array [
                    undefined,
                    undefined,
                  ]
                }
              >
                0.00
              </Text>
              <View
                style={
                  Object {
                    "paddingHorizontal": 10,
                    "width": "100%",
                  }
                }
              >
                <View
                  style={
                    Object {
                      "alignItems": "center",
                      "borderBottomWidth": 1,
                      "borderColor": "#86939e",
                      "flexDirection": "row",
                      "transform": Array [
                        Object {
                          "translateX": 0,
                        },
                      ],
                    }
                  }
                >
                  <View
                    style={
                      Object {
                        "alignItems": "center",
                        "height": 40,
                        "justifyContent": "center",
                        "marginVertical": 4,
                        "paddingRight": 4,
                      }
                    }
                  >
                    <Text
                      style={
                        Array [
                          undefined,
                          Object {
                            "color": "#939AA4",
                          },
                        ]
                      }
                    >
                      $
                    </Text>
                  </View>
                  <TextInput
                    allowFontScaling={true}
                    autoFocus={true}
                    contextMenuHidden={true}
                    editable={true}
                    enablesReturnKeyAutomatically={true}
                    keyboardType="number-pad"
                    onBlur={[Function]}
                    onChangeText={[Function]}
                    onEndEditing={[Function]}
                    placeholderTextColor="#86939e"
                    rejectResponderTermination={true}
                    returnKeyLabel="Update"
                    returnKeyType="done"
                    selection={
                      Object {
                        "end": 4,
                        "start": 4,
                      }
                    }
                    style={
                      Object {
                        "color": "#242424",
                        "flex": 1,
                        "fontSize": 18,
                        "minHeight": 40,
                      }
                    }
                    testID="RNE__Input__text-input"
                    underlineColorAndroid="transparent"
                    value="0.00"
                  />
                </View>
                <Text
                  style={
                    Object {
                      "color": "#ff190c",
                      "fontSize": 12,
                      "height": 0,
                      "margin": 0,
                      "padding": 0,
                    }
                  }
                />
              </View>
              <RNGestureHandlerButton
                collapsable={false}
                onGestureEvent={[Function]}
                onGestureHandlerEvent={[Function]}
                onGestureHandlerStateChange={[Function]}
                onHandlerStateChange={[Function]}
                rippleColor={0}
              >
                <View
                  accessible={true}
                  style={
                    Object {
                      "opacity": 1,
                    }
                  }
                >
                  <Text
                    allowFontScaling={false}
                    style={
                      Array [
                        Object {
                          "color": undefined,
                          "fontSize": 32,
                        },
                        undefined,
                        Object {
                          "fontFamily": "Ionicons",
                          "fontStyle": "normal",
                          "fontWeight": "normal",
                        },
                        Object {},
                      ]
                    }
                  >
                    
                  </Text>
                </View>
              </RNGestureHandlerButton>
            </View>
            <Text>
              0
               
              sats
            </Text>
          </View>
        </View>
        <View
          style={
            Object {
              "marginTop": 18,
            }
          }
        >
          <View
            style={
              Object {
                "paddingHorizontal": 10,
                "width": "100%",
              }
            }
          >
            <View
              style={
                Object {
                  "alignItems": "center",
                  "borderBottomWidth": 1,
                  "borderColor": "#86939e",
                  "flexDirection": "row",
                  "transform": Array [
                    Object {
                      "translateX": 0,
                    },
                  ],
                }
              }
            >
              <View
                style={
                  Object {
                    "alignItems": "center",
                    "height": 40,
                    "justifyContent": "center",
                    "marginVertical": 4,
                    "paddingRight": 4,
                  }
                }
              >
                <View>
                  <Text>
                    To
                  </Text>
                  <Text
                    allowFontScaling={false}
                    style={
                      Array [
                        Object {
                          "color": "#3050C4",
                          "fontSize": 24,
                        },
                        undefined,
                        Object {
                          "fontFamily": "Ionicons",
                          "fontStyle": "normal",
                          "fontWeight": "normal",
                        },
                        Object {},
                      ]
                    }
                  >
                    
                  </Text>
                </View>
              </View>
              <TextInput
                allowFontScaling={true}
                autoCapitalize="none"
                autoCompleteType="username"
                editable={false}
                onChangeText={[Function]}
                placeholder="username or invoice"
                placeholderTextColor="#86939e"
                rejectResponderTermination={true}
                selectTextOnFocus={true}
                style={
                  Object {
                    "color": "#242424",
                    "flex": 1,
                    "fontSize": 18,
                    "minHeight": 40,
                  }
                }
                testID="RNE__Input__text-input"
                underlineColorAndroid="transparent"
                value=""
              />
              <View
                style={
                  Object {
                    "alignItems": "center",
                    "height": 40,
                    "justifyContent": "center",
                    "marginVertical": 4,
                    "paddingRight": 4,
                  }
                }
              >
                <Text
                  allowFontScaling={false}
                  onPress={[Function]}
                  style={
                    Array [
                      Object {
                        "color": undefined,
                        "fontSize": 30,
                      },
                      undefined,
                      Object {
                        "fontFamily": "Ionicons",
                        "fontStyle": "normal",
                        "fontWeight": "normal",
                      },
                      Object {},
                    ]
                  }
                >
                  
                </Text>
              </View>
            </View>
            <Text
              style={
                Object {
                  "color": "#ff190c",
                  "fontSize": 12,
                  "height": 0,
                  "margin": 0,
                  "padding": 0,
                }
              }
            />
          </View>
          <View
            style={
              Object {
                "paddingHorizontal": 10,
                "width": "100%",
              }
            }
          >
            <View
              style={
                Object {
                  "alignItems": "center",
                  "borderBottomWidth": 1,
                  "borderColor": "#86939e",
                  "flexDirection": "row",
                  "transform": Array [
                    Object {
                      "translateX": 0,
                    },
                  ],
                }
              }
            >
              <View
                style={
                  Object {
                    "alignItems": "center",
                    "height": 40,
                    "justifyContent": "center",
                    "marginVertical": 4,
                    "paddingRight": 4,
                  }
                }
              >
                <View>
                  <Text>
                    Note
                  </Text>
                  <Text
                    allowFontScaling={false}
                    style={
                      Array [
                        Object {
                          "color": "#3050C4",
                          "fontSize": 24,
                        },
                        undefined,
                        Object {
                          "fontFamily": "Ionicons",
                          "fontStyle": "normal",
                          "fontWeight": "normal",
                        },
                        Object {},
                      ]
                    }
                  >
                    
                  </Text>
                </View>
              </View>
              <TextInput
                allowFontScaling={true}
                editable={true}
                onChangeText={[Function]}
                placeholder="optional note"
                placeholderTextColor="#86939e"
                rejectResponderTermination={true}
                selectTextOnFocus={true}
                style={
                  Object {
                    "color": "#242424",
                    "flex": 1,
                    "fontSize": 18,
                    "minHeight": 40,
                  }
                }
                testID="RNE__Input__text-input"
                underlineColorAndroid="transparent"
                value=""
              />
            </View>
            <Text
              style={
                Object {
                  "color": "#ff190c",
                  "fontSize": 12,
                  "height": 0,
                  "margin": 0,
                  "padding": 0,
                }
              }
            />
          </View>
          <View
            style={
              Object {
                "paddingHorizontal": 10,
                "width": "100%",
              }
            }
          >
            <View
              style={
                Object {
                  "alignItems": "center",
                  "borderBottomWidth": 1,
                  "borderColor": "#86939e",
                  "flexDirection": "row",
                  "transform": Array [
                    Object {
                      "translateX": 0,
                    },
                  ],
                }
              }
            >
              <View
                style={
                  Object {
                    "alignItems": "center",
                    "height": 40,
                    "justifyContent": "center",
                    "marginVertical": 4,
                    "paddingRight": 4,
                  }
                }
              >
                <View>
                  <Text>
                    Fee
                  </Text>
                  <Text
                    allowFontScaling={false}
                    style={
                      Array [
                        Object {
                          "color": "#3050C4",
                          "fontSize": 24,
                        },
                        undefined,
                        Object {
                          "fontFamily": "Ionicons",
                          "fontStyle": "normal",
                          "fontWeight": "normal",
                        },
                        Object {},
                      ]
                    }
                  >
                    
                  </Text>
                </View>
              </View>
              <TextInput
                allowFontScaling={true}
                editable={false}
                placeholder="network fee"
                placeholderTextColor="#86939e"
                rejectResponderTermination={true}
                selectTextOnFocus={true}
                style={
                  Object {
                    "color": "#242424",
                    "flex": 1,
                    "fontSize": 18,
                    "minHeight": 40,
                  }
                }
                testID="RNE__Input__text-input"
                underlineColorAndroid="transparent"
                value=""
              />
            </View>
            <Text
              style={
                Object {
                  "alignSelf": "center",
                  "color": "#ff190c",
                  "fontSize": 16,
                  "height": 18,
                  "margin": 5,
                }
              }
            />
          </View>
        </View>
        <View
          style={
            Object {
              "alignItems": "center",
            }
          }
        />
        <View
          style={
            Array [
              Object {
                "borderRadius": 3,
                "overflow": "hidden",
              },
              Object {
                "borderRadius": 3,
              },
              Object {
                "flex": 1,
              },
              false,
            ]
          }
        >
          <View
            accessibilityRole="button"
            accessibilityState={
              Object {
                "busy": false,
                "disabled": true,
              }
            }
            accessible={true}
            focusable={true}
            onClick={[Function]}
            onResponderGrant={[Function]}
            onResponderMove={[Function]}
            onResponderRelease={[Function]}
            onResponderTerminate={[Function]}
            onResponderTerminationRequest={[Function]}
            onStartShouldSetResponder={[Function]}
            style={
              Object {
                "opacity": 1,
              }
            }
          >
            <View
              style={
                Object {
                  "alignItems": "center",
                  "backgroundColor": "hsl(208, 8%, 90%)",
                  "borderColor": "#2089dc",
                  "borderRadius": 3,
                  "borderWidth": 0,
                  "flexDirection": "row",
                  "justifyContent": "center",
                  "padding": 8,
                }
              }
            >
              <Text
                style={
                  Object {
                    "color": "hsl(208, 8%, 63%)",
                    "fontSize": 18,
                    "paddingVertical": 1,
                    "textAlign": "center",
                  }
                }
              >
                Amount is required
              </Text>
            </View>
          </View>
        </View>
      </View>
    </RCTScrollView>
  </RCTSafeAreaView>
</View>
`;
